// Jest Snapshot v1, https://goo.gl/fbAQLP

exports[`HomeScreen renders the membership overview 1`] = `
<RNCSafeAreaView
  edges={
    {
      "bottom": "additive",
      "left": "additive",
      "right": "additive",
      "top": "additive",
    }
  }
  style={
    {
      "backgroundColor": "#FFFFFF",
      "flex": 1,
    }
  }
>
  <RCTScrollView
    contentContainerStyle={
      {
        "flexGrow": 1,
        "gap": 20,
        "padding": 24,
      }
    }
    showsVerticalScrollIndicator={false}
  >
    <View>
      <View
        style={
          {
            "alignSelf": "flex-end",
          }
        }
      >
        <View
          style={
            {
              "alignItems": "flex-end",
              "gap": 4,
            }
          }
        >
          <Text
            style={
              {
                "color": "#475569",
                "fontSize": 12,
                "fontWeight": "600",
              }
            }
          >
            Language
          </Text>
          <View
            accessibilityLabel="Language"
            accessibilityRole="radiogroup"
            style={
              {
                "backgroundColor": "#E2E8F0",
                "borderRadius": 999,
                "flexDirection": "row",
                "gap": 8,
                "padding": 4,
              }
            }
          >
            <View
              accessibilityLabel="Switch to English"
              accessibilityRole="radio"
              accessibilityState={
                {
                  "busy": undefined,
                  "checked": undefined,
                  "disabled": undefined,
                  "expanded": undefined,
                  "selected": true,
                }
              }
              accessibilityValue={
                {
                  "max": undefined,
                  "min": undefined,
                  "now": undefined,
                  "text": undefined,
                }
              }
              accessible={true}
              collapsable={false}
              focusable={true}
              hitSlop={8}
              onBlur={[Function]}
              onClick={[Function]}
              onFocus={[Function]}
              onResponderGrant={[Function]}
              onResponderMove={[Function]}
              onResponderRelease={[Function]}
              onResponderTerminate={[Function]}
              onResponderTerminationRequest={[Function]}
              onStartShouldSetResponder={[Function]}
              style={
                [
                  {
                    "alignItems": "center",
                    "backgroundColor": "transparent",
                    "borderRadius": 20,
                    "height": 40,
                    "justifyContent": "center",
                    "width": 40,
                  },
                  {
                    "backgroundColor": "#FFFFFF",
                    "elevation": 2,
                    "shadowColor": "#0F172A",
                    "shadowOffset": {
                      "height": 2,
                      "width": 0,
                    },
                    "shadowOpacity": 0.1,
                    "shadowRadius": 6,
                  },
                ]
              }
            >
              <Text
                style={
                  {
                    "fontSize": 22,
                  }
                }
              >
                ðŸ‡ºðŸ‡¸
              </Text>
            </View>
            <View
              accessibilityLabel="Switch to Thai"
              accessibilityRole="radio"
              accessibilityState={
                {
                  "busy": undefined,
                  "checked": undefined,
                  "disabled": undefined,
                  "expanded": undefined,
                  "selected": false,
                }
              }
              accessibilityValue={
                {
                  "max": undefined,
                  "min": undefined,
                  "now": undefined,
                  "text": undefined,
                }
              }
              accessible={true}
              collapsable={false}
              focusable={true}
              hitSlop={8}
              onBlur={[Function]}
              onClick={[Function]}
              onFocus={[Function]}
              onResponderGrant={[Function]}
              onResponderMove={[Function]}
              onResponderRelease={[Function]}
              onResponderTerminate={[Function]}
              onResponderTerminationRequest={[Function]}
              onStartShouldSetResponder={[Function]}
              style={
                [
                  {
                    "alignItems": "center",
                    "backgroundColor": "transparent",
                    "borderRadius": 20,
                    "height": 40,
                    "justifyContent": "center",
                    "width": 40,
                  },
                  false,
                ]
              }
            >
              <Text
                style={
                  {
                    "fontSize": 22,
                  }
                }
              >
                ðŸ‡¹ðŸ‡­
              </Text>
            </View>
          </View>
        </View>
      </View>
      <Text
        style={
          {
            "color": "#0F172A",
            "fontSize": 24,
            "fontWeight": "700",
          }
        }
      >
        Welcome, Jane Doe!
      </Text>
      <Text
        style={
          {
            "color": "#475569",
            "fontSize": 16,
          }
        }
      >
        jane@example.com
      </Text>
      <View
        accessibilityRole="button"
        accessibilityState={
          {
            "busy": undefined,
            "checked": undefined,
            "disabled": undefined,
            "expanded": undefined,
            "selected": undefined,
          }
        }
        accessibilityValue={
          {
            "max": undefined,
            "min": undefined,
            "now": undefined,
            "text": undefined,
          }
        }
        accessible={true}
        collapsable={false}
        focusable={true}
        onBlur={[Function]}
        onClick={[Function]}
        onFocus={[Function]}
        onResponderGrant={[Function]}
        onResponderMove={[Function]}
        onResponderRelease={[Function]}
        onResponderTerminate={[Function]}
        onResponderTerminationRequest={[Function]}
        onStartShouldSetResponder={[Function]}
        style={
          {
            "alignSelf": "flex-start",
            "backgroundColor": "#E0F2FE",
            "borderColor": "#38BDF8",
            "borderRadius": 999,
            "borderWidth": 1,
            "marginTop": 12,
            "paddingHorizontal": 18,
            "paddingVertical": 10,
          }
        }
      >
        <Text
          style={
            {
              "color": "#0369A1",
              "fontSize": 14,
              "fontWeight": "600",
            }
          }
        >
          Manage profile
        </Text>
      </View>
      <View
        style={
          {
            "backgroundColor": "#EEF2FF",
            "borderRadius": 16,
            "gap": 12,
            "padding": 20,
          }
        }
      >
        <Text
          style={
            {
              "color": "#312E81",
              "fontSize": 18,
              "fontWeight": "700",
            }
          }
        >
          Membership status
        </Text>
        <View
          style={
            {
              "alignItems": "center",
              "flexDirection": "row",
              "justifyContent": "space-between",
            }
          }
        >
          <Text
            style={
              {
                "color": "#4338CA",
                "fontSize": 16,
                "fontWeight": "600",
              }
            }
          >
            Tier
          </Text>
          <Text
            style={
              {
                "color": "#1E1B4B",
                "fontSize": 20,
                "fontWeight": "700",
              }
            }
          >
            Gold
          </Text>
        </View>
        <Text
          style={
            {
              "color": "#4C1D95",
              "fontSize": 14,
            }
          }
        >
          Renews on Jan 10, 2030
        </Text>
        <Text
          style={
            {
              "color": "#312E81",
              "fontSize": 14,
            }
          }
        >
          Save up to 15% with member perks
        </Text>
      </View>
      <View
        style={
          {
            "backgroundColor": "#F8FAFC",
            "borderRadius": 16,
            "gap": 12,
            "padding": 20,
          }
        }
      >
        <Text
          style={
            {
              "color": "#0F172A",
              "fontSize": 18,
              "fontWeight": "600",
            }
          }
        >
          Your benefits
        </Text>
        <View
          style={
            {
              "alignItems": "flex-start",
              "flexDirection": "row",
              "gap": 12,
            }
          }
        >
          <View
            style={
              {
                "backgroundColor": "#2563EB",
                "borderRadius": 4,
                "height": 8,
                "marginTop": 6,
                "width": 8,
              }
            }
          />
          <View
            style={
              {
                "flex": 1,
                "gap": 4,
              }
            }
          >
            <Text
              style={
                {
                  "color": "#1F2937",
                  "fontSize": 16,
                  "fontWeight": "600",
                }
              }
            >
              Travel deals
            </Text>
            <Text
              style={
                {
                  "color": "#4B5563",
                  "fontSize": 14,
                }
              }
            >
              10% off flights
            </Text>
            <Text
              style={
                {
                  "color": "#059669",
                  "fontSize": 14,
                  "fontWeight": "600",
                }
              }
            >
              -10%
            </Text>
          </View>
        </View>
        <View
          style={
            {
              "alignItems": "flex-start",
              "flexDirection": "row",
              "gap": 12,
            }
          }
        >
          <View
            style={
              {
                "backgroundColor": "#2563EB",
                "borderRadius": 4,
                "height": 8,
                "marginTop": 6,
                "width": 8,
              }
            }
          />
          <View
            style={
              {
                "flex": 1,
                "gap": 4,
              }
            }
          >
            <Text
              style={
                {
                  "color": "#1F2937",
                  "fontSize": 16,
                  "fontWeight": "600",
                }
              }
            >
              Dining rewards
            </Text>
            <Text
              style={
                {
                  "color": "#4B5563",
                  "fontSize": 14,
                }
              }
            >
              15% off restaurants
            </Text>
            <Text
              style={
                {
                  "color": "#059669",
                  "fontSize": 14,
                  "fontWeight": "600",
                }
              }
            >
              -15%
            </Text>
          </View>
        </View>
      </View>
      <View
        style={
          {
            "backgroundColor": "#F8FAFC",
            "borderColor": "#E2E8F0",
            "borderRadius": 16,
            "borderWidth": 1,
            "gap": 16,
            "padding": 20,
          }
        }
      >
        <Text
          style={
            {
              "color": "#1E293B",
              "fontSize": 18,
              "fontWeight": "600",
              "marginBottom": 12,
            }
          }
        >
          Notifications
        </Text>
        <View
          style={
            {
              "alignItems": "center",
              "flexDirection": "row",
              "gap": 16,
              "justifyContent": "space-between",
            }
          }
        >
          <View
            style={
              {
                "flex": 1,
                "gap": 4,
              }
            }
          >
            <Text
              style={
                {
                  "color": "#0F172A",
                  "fontSize": 16,
                  "fontWeight": "600",
                }
              }
            >
              Marketing push alerts
            </Text>
            <Text
              style={
                {
                  "color": "#475569",
                  "fontSize": 14,
                }
              }
            >
              Get personalized promotions from partner vendors.
            </Text>
          </View>
          <RCTSwitch
            accessibilityLabel="Marketing push alerts"
            accessibilityRole="switch"
            onChange={[Function]}
            onResponderTerminationRequest={[Function]}
            onStartShouldSetResponder={[Function]}
            style={
              {
                "alignSelf": "flex-start",
              }
            }
            value={true}
          />
        </View>
        <View
          style={
            {
              "alignItems": "center",
              "flexDirection": "row",
              "gap": 16,
              "justifyContent": "space-between",
            }
          }
        >
          <View
            style={
              {
                "flex": 1,
                "gap": 4,
              }
            }
          >
            <Text
              style={
                {
                  "color": "#0F172A",
                  "fontSize": 16,
                  "fontWeight": "600",
                }
              }
            >
              Renewal reminders
            </Text>
            <Text
              style={
                {
                  "color": "#475569",
                  "fontSize": 14,
                }
              }
            >
              Receive reminders before your membership expires.
            </Text>
          </View>
          <RCTSwitch
            accessibilityLabel="Renewal reminders"
            accessibilityRole="switch"
            onChange={[Function]}
            onResponderTerminationRequest={[Function]}
            onStartShouldSetResponder={[Function]}
            style={
              {
                "alignSelf": "flex-start",
              }
            }
            value={true}
          />
        </View>
      </View>
      <View
        style={
          {
            "gap": 12,
          }
        }
      >
        <Text
          style={
            {
              "color": "#1E293B",
              "fontSize": 18,
              "fontWeight": "600",
              "marginBottom": 12,
            }
          }
        >
          Quick actions
        </Text>
        <View
          style={
            {
              "flexDirection": "row",
              "flexWrap": "wrap",
              "gap": 12,
            }
          }
        >
          <View
            accessibilityRole="button"
            accessibilityState={
              {
                "busy": undefined,
                "checked": undefined,
                "disabled": undefined,
                "expanded": undefined,
                "selected": undefined,
              }
            }
            accessibilityValue={
              {
                "max": undefined,
                "min": undefined,
                "now": undefined,
                "text": undefined,
              }
            }
            accessible={true}
            collapsable={false}
            focusable={true}
            onBlur={[Function]}
            onClick={[Function]}
            onFocus={[Function]}
            onResponderGrant={[Function]}
            onResponderMove={[Function]}
            onResponderRelease={[Function]}
            onResponderTerminate={[Function]}
            onResponderTerminationRequest={[Function]}
            onStartShouldSetResponder={[Function]}
            style={
              {
                "backgroundColor": "#F1F5F9",
                "borderColor": "#CBD5F5",
                "borderRadius": 10,
                "borderWidth": 1,
                "paddingHorizontal": 16,
                "paddingVertical": 12,
              }
            }
          >
            <Text
              style={
                {
                  "color": "#1D4ED8",
                  "fontWeight": "600",
                }
              }
            >
              View vendors
            </Text>
          </View>
          <View
            accessibilityRole="button"
            accessibilityState={
              {
                "busy": undefined,
                "checked": undefined,
                "disabled": undefined,
                "expanded": undefined,
                "selected": undefined,
              }
            }
            accessibilityValue={
              {
                "max": undefined,
                "min": undefined,
                "now": undefined,
                "text": undefined,
              }
            }
            accessible={true}
            collapsable={false}
            focusable={true}
            onBlur={[Function]}
            onClick={[Function]}
            onFocus={[Function]}
            onResponderGrant={[Function]}
            onResponderMove={[Function]}
            onResponderRelease={[Function]}
            onResponderTerminate={[Function]}
            onResponderTerminationRequest={[Function]}
            onStartShouldSetResponder={[Function]}
            style={
              {
                "backgroundColor": "#F1F5F9",
                "borderColor": "#CBD5F5",
                "borderRadius": 10,
                "borderWidth": 1,
                "paddingHorizontal": 16,
                "paddingVertical": 12,
              }
            }
          >
            <Text
              style={
                {
                  "color": "#1D4ED8",
                  "fontWeight": "600",
                }
              }
            >
              Upgrade membership
            </Text>
          </View>
        </View>
      </View>
      <View
        accessibilityRole="button"
        accessibilityState={
          {
            "busy": undefined,
            "checked": undefined,
            "disabled": undefined,
            "expanded": undefined,
            "selected": undefined,
          }
        }
        accessibilityValue={
          {
            "max": undefined,
            "min": undefined,
            "now": undefined,
            "text": undefined,
          }
        }
        accessible={true}
        collapsable={false}
        focusable={true}
        onBlur={[Function]}
        onClick={[Function]}
        onFocus={[Function]}
        onResponderGrant={[Function]}
        onResponderMove={[Function]}
        onResponderRelease={[Function]}
        onResponderTerminate={[Function]}
        onResponderTerminationRequest={[Function]}
        onStartShouldSetResponder={[Function]}
        style={
          {
            "alignSelf": "center",
            "backgroundColor": "#2563EB",
            "borderRadius": 12,
            "marginTop": 24,
            "paddingHorizontal": 24,
            "paddingVertical": 12,
          }
        }
      >
        <Text
          style={
            {
              "color": "#FFFFFF",
              "fontSize": 16,
              "fontWeight": "600",
            }
          }
        >
          Log out
        </Text>
      </View>
    </View>
  </RCTScrollView>
</RNCSafeAreaView>
`;
